[-1.43603245 -1.44354046 -1.45081432 -1.45784632 -1.46462868 -1.47115356
 -1.47741313 -1.48339956 -1.4891051  -1.49452208 -1.49964298 -1.50446047
 -1.50896743 -1.51315704 -1.51702276 -1.52055844 -1.52375832 -1.52661707
 -1.52912985 -1.53129234 -1.53310076 -1.53455192 -1.53564322 -1.5363727
 -1.53673904 -1.53674156 -1.53638025 -1.53565576 -1.53456938 -1.53312307
 -1.53131938 -1.52916149 -1.52665315 -1.52379866 -1.52060285 -1.51707101
 -1.51320888 -1.50902262 -1.50451872 -1.499704   -1.49458556 -1.48917071
 -1.48346698 -1.477482   -1.47122352 -1.46469938 -1.45791739 -1.45088539
 -1.44361116 -1.43610242]
