[-0.61257872 -0.61257731 -0.61257596 -0.61257466 -0.61257343 -0.61257225
 -0.61257114 -0.61257008 -0.61256909 -0.61256817 -0.6125673  -0.61256651
 -0.61256577 -0.61256511 -0.6125645  -0.61256397 -0.6125635  -0.61256309
 -0.61256275 -0.61256248 -0.61256227 -0.61256213 -0.61256206 -0.61256205
 -0.61256211 -0.61256223 -0.61256242 -0.61256267 -0.61256299 -0.61256337
 -0.61256381 -0.61256432 -0.61256489 -0.61256551 -0.6125662  -0.61256695
 -0.61256776 -0.61256863 -0.61256955 -0.61257053 -0.61257157 -0.61257266
 -0.6125738  -0.612575   -0.61257625 -0.61257755 -0.6125789  -0.6125803
 -0.61258174 -0.61258323]
