[-0.47354814 -0.29985289 -0.35551747 -0.13286108 -0.38001079 -0.2686739
 -0.32434005 -0.21300767 -0.12617079 -0.01484745 -0.07050701  0.0408119
 -0.44236529 -0.44236684 -0.27536517 -0.16403724 -0.34882983 -0.31765245
 -0.29316407 -0.26198737 -0.04602192  0.01632871  0.00963577  0.07198568
  0.11425316  0.11425505  0.36134229  0.42369205  0.27451424  0.3368626
  0.12094827  0.18329738  0.09646819  0.2077777   0.32577956  0.48604295
  0.39921144  0.00294286  0.05859749  0.33016718  0.25673361  0.19438357
  0.31238499  0.42369268  0.17660344  0.23895184  0.23225572  0.29460472
  0.31908166  0.31908221  0.48604295]
