[-0.66281257 -0.66597561 -0.66425904 -0.61708407 -0.61821384 -0.56738019
 -0.57090278 -0.56896843 -0.52188035 -0.52314976 -0.47201308 -0.47589942
 -0.47374347 -0.42673507 -0.42814165 -0.3767063  -0.38093563 -0.37857115
 -0.3316293  -0.33315843 -0.28145248 -0.28597477 -0.28343494 -0.23654128
 -0.2381654  -0.18624218 -0.19097994 -0.18831672 -0.14144959 -0.14313087
 -0.09106464 -0.09592168 -0.09319922 -0.04633653 -0.04803243  0.0040912
 -0.00078359  0.00193167  0.04880961  0.04713969  0.09923568  0.09443645
  0.09708543  0.14399399  0.14238337  0.19437752  0.1897294   0.19226673
  0.23921615  0.23768831]
